
Gurobi 9.0.3 (mac64, Python) logging started Mon Oct 19 14:34:04 2020

Using license file /Users/andersvandvik/gurobi.lic
Set parameter LogFile to value test.log
Academic license - for non-commercial use only
Changed value of parameter TimeLimit to 3600.0
   Prev: inf  Min: 0.0  Max: inf  Default: inf

Gurobi 9.0.3 (mac64, Python) logging started Mon Oct 19 14:35:02 2020

Using license file /Users/andersvandvik/gurobi.lic
Set parameter LogFile to value test.log
Academic license - for non-commercial use only
Changed value of parameter TimeLimit to 3600.0
   Prev: inf  Min: 0.0  Max: inf  Default: inf

Gurobi 9.0.3 (mac64, Python) logging started Mon Oct 19 14:35:51 2020

Using license file /Users/andersvandvik/gurobi.lic
Set parameter LogFile to value test.log
Academic license - for non-commercial use only
Changed value of parameter TimeLimit to 3600.0
   Prev: inf  Min: 0.0  Max: inf  Default: inf

Gurobi 9.0.3 (mac64, Python) logging started Mon Oct 19 14:37:10 2020

Using license file /Users/andersvandvik/gurobi.lic
Set parameter LogFile to value test.log
Academic license - for non-commercial use only
Changed value of parameter TimeLimit to 3600.0
   Prev: inf  Min: 0.0  Max: inf  Default: inf

Gurobi 9.0.3 (mac64, Python) logging started Mon Oct 19 15:00:15 2020

Using license file /Users/andersvandvik/gurobi.lic
Set parameter LogFile to value test.log
Academic license - for non-commercial use only
Changed value of parameter TimeLimit to 3600.0
   Prev: inf  Min: 0.0  Max: inf  Default: inf

Gurobi 9.0.3 (mac64, Python) logging started Mon Oct 19 15:22:52 2020

Using license file /Users/andersvandvik/gurobi.lic
Set parameter LogFile to value test.log
Academic license - for non-commercial use only
Changed value of parameter TimeLimit to 3600.0
   Prev: inf  Min: 0.0  Max: inf  Default: inf

Gurobi 9.0.3 (mac64, Python) logging started Mon Oct 19 15:24:20 2020

Using license file /Users/andersvandvik/gurobi.lic
Set parameter LogFile to value test.log
Academic license - for non-commercial use only
Changed value of parameter TimeLimit to 3600.0
   Prev: inf  Min: 0.0  Max: inf  Default: inf

Gurobi 9.0.3 (mac64, Python) logging started Mon Oct 19 15:25:37 2020

Using license file /Users/andersvandvik/gurobi.lic
Set parameter LogFile to value test.log
Academic license - for non-commercial use only
Changed value of parameter TimeLimit to 3600.0
   Prev: inf  Min: 0.0  Max: inf  Default: inf

Gurobi 9.0.3 (mac64, Python) logging started Mon Oct 19 15:26:54 2020

Using license file /Users/andersvandvik/gurobi.lic
Set parameter LogFile to value test.log
Academic license - for non-commercial use only
Changed value of parameter TimeLimit to 3600.0
   Prev: inf  Min: 0.0  Max: inf  Default: inf

Gurobi 9.0.3 (mac64, Python) logging started Mon Oct 19 15:28:40 2020

Using license file /Users/andersvandvik/gurobi.lic
Set parameter LogFile to value test.log
Academic license - for non-commercial use only
Changed value of parameter TimeLimit to 3600.0
   Prev: inf  Min: 0.0  Max: inf  Default: inf

Gurobi 9.0.3 (mac64, Python) logging started Mon Oct 19 15:35:20 2020

Using license file /Users/andersvandvik/gurobi.lic
Set parameter LogFile to value test.log
Academic license - for non-commercial use only
Changed value of parameter TimeLimit to 3600.0
   Prev: inf  Min: 0.0  Max: inf  Default: inf

Gurobi 9.0.3 (mac64, Python) logging started Mon Oct 19 15:38:29 2020

Using license file /Users/andersvandvik/gurobi.lic
Set parameter LogFile to value test.log
Academic license - for non-commercial use only
Changed value of parameter TimeLimit to 3600.0
   Prev: inf  Min: 0.0  Max: inf  Default: inf

Gurobi 9.0.3 (mac64, Python) logging started Mon Oct 19 15:42:07 2020

Using license file /Users/andersvandvik/gurobi.lic
Set parameter LogFile to value test.log
Academic license - for non-commercial use only
Changed value of parameter TimeLimit to 3600.0
   Prev: inf  Min: 0.0  Max: inf  Default: inf

Gurobi 9.0.3 (mac64, Python) logging started Mon Oct 19 17:01:40 2020

Using license file /Users/andersvandvik/gurobi.lic
Set parameter LogFile to value test.log
Academic license - for non-commercial use only
Changed value of parameter TimeLimit to 3600.0
   Prev: inf  Min: 0.0  Max: inf  Default: inf

Gurobi 9.0.3 (mac64, Python) logging started Mon Oct 19 17:02:18 2020

Using license file /Users/andersvandvik/gurobi.lic
Set parameter LogFile to value test.log
Academic license - for non-commercial use only
Changed value of parameter TimeLimit to 3600.0
   Prev: inf  Min: 0.0  Max: inf  Default: inf

Gurobi 9.0.3 (mac64, Python) logging started Mon Oct 19 17:08:28 2020

Using license file /Users/andersvandvik/gurobi.lic
Set parameter LogFile to value test.log
Academic license - for non-commercial use only
Changed value of parameter TimeLimit to 3600.0
   Prev: inf  Min: 0.0  Max: inf  Default: inf

Gurobi 9.0.3 (mac64, Python) logging started Mon Oct 19 17:38:10 2020

Using license file /Users/andersvandvik/gurobi.lic
Set parameter LogFile to value test.log
Academic license - for non-commercial use only
Changed value of parameter TimeLimit to 3600.0
   Prev: inf  Min: 0.0  Max: inf  Default: inf

Gurobi 9.0.3 (mac64, Python) logging started Mon Oct 19 17:39:32 2020

Using license file /Users/andersvandvik/gurobi.lic
Set parameter LogFile to value test.log
Academic license - for non-commercial use only
Changed value of parameter TimeLimit to 3600.0
   Prev: inf  Min: 0.0  Max: inf  Default: inf

Gurobi 9.0.3 (mac64, Python) logging started Mon Oct 19 17:45:08 2020

Using license file /Users/andersvandvik/gurobi.lic
Set parameter LogFile to value test.log
Academic license - for non-commercial use only
Changed value of parameter TimeLimit to 3600.0
   Prev: inf  Min: 0.0  Max: inf  Default: inf

Gurobi 9.0.3 (mac64, Python) logging started Mon Oct 19 17:48:15 2020

Using license file /Users/andersvandvik/gurobi.lic
Set parameter LogFile to value test.log
Academic license - for non-commercial use only
Changed value of parameter TimeLimit to 3600.0
   Prev: inf  Min: 0.0  Max: inf  Default: inf

Gurobi 9.0.3 (mac64, Python) logging started Mon Oct 19 17:50:44 2020

Using license file /Users/andersvandvik/gurobi.lic
Set parameter LogFile to value test.log
Academic license - for non-commercial use only
Changed value of parameter TimeLimit to 3600.0
   Prev: inf  Min: 0.0  Max: inf  Default: inf

Gurobi 9.0.3 (mac64, Python) logging started Mon Oct 19 18:50:16 2020

Using license file /Users/andersvandvik/gurobi.lic
Set parameter LogFile to value test.log
Academic license - for non-commercial use only
Changed value of parameter TimeLimit to 3600.0
   Prev: inf  Min: 0.0  Max: inf  Default: inf

Gurobi 9.0.3 (mac64, Python) logging started Mon Oct 19 18:59:52 2020

Using license file /Users/andersvandvik/gurobi.lic
Set parameter LogFile to value test.log
Academic license - for non-commercial use only
Changed value of parameter TimeLimit to 3600.0
   Prev: inf  Min: 0.0  Max: inf  Default: inf

Gurobi 9.0.3 (mac64, Python) logging started Mon Oct 19 19:27:42 2020

Using license file /Users/andersvandvik/gurobi.lic
Set parameter LogFile to value test.log
Academic license - for non-commercial use only
Changed value of parameter TimeLimit to 3600.0
   Prev: inf  Min: 0.0  Max: inf  Default: inf

Gurobi 9.0.3 (mac64, Python) logging started Mon Oct 19 19:28:03 2020

Using license file /Users/andersvandvik/gurobi.lic
Set parameter LogFile to value test.log
Academic license - for non-commercial use only
Changed value of parameter TimeLimit to 3600.0
   Prev: inf  Min: 0.0  Max: inf  Default: inf

Gurobi 9.0.3 (mac64, Python) logging started Mon Oct 19 19:28:32 2020

Using license file /Users/andersvandvik/gurobi.lic
Set parameter LogFile to value test.log
Academic license - for non-commercial use only
Changed value of parameter TimeLimit to 3600.0
   Prev: inf  Min: 0.0  Max: inf  Default: inf

Gurobi 9.0.3 (mac64, Python) logging started Mon Oct 19 19:29:11 2020

Using license file /Users/andersvandvik/gurobi.lic
Set parameter LogFile to value test.log
Academic license - for non-commercial use only
Changed value of parameter TimeLimit to 3600.0
   Prev: inf  Min: 0.0  Max: inf  Default: inf

Gurobi 9.0.3 (mac64, Python) logging started Mon Oct 19 19:29:46 2020

Using license file /Users/andersvandvik/gurobi.lic
Set parameter LogFile to value test.log
Academic license - for non-commercial use only
Changed value of parameter TimeLimit to 3600.0
   Prev: inf  Min: 0.0  Max: inf  Default: inf

Gurobi 9.0.3 (mac64, Python) logging started Mon Oct 19 19:40:44 2020

Using license file /Users/andersvandvik/gurobi.lic
Set parameter LogFile to value test.log
Academic license - for non-commercial use only
Changed value of parameter TimeLimit to 3600.0
   Prev: inf  Min: 0.0  Max: inf  Default: inf

Gurobi 9.0.3 (mac64, Python) logging started Mon Oct 19 19:42:41 2020

Using license file /Users/andersvandvik/gurobi.lic
Set parameter LogFile to value test.log
Academic license - for non-commercial use only
Changed value of parameter TimeLimit to 3600.0
   Prev: inf  Min: 0.0  Max: inf  Default: inf

Gurobi 9.0.3 (mac64, Python) logging started Mon Oct 19 19:43:14 2020

Using license file /Users/andersvandvik/gurobi.lic
Set parameter LogFile to value test.log
Academic license - for non-commercial use only
Changed value of parameter TimeLimit to 3600.0
   Prev: inf  Min: 0.0  Max: inf  Default: inf

Gurobi 9.0.3 (mac64, Python) logging started Mon Oct 19 19:43:54 2020

Using license file /Users/andersvandvik/gurobi.lic
Set parameter LogFile to value test.log
Academic license - for non-commercial use only
Changed value of parameter TimeLimit to 3600.0
   Prev: inf  Min: 0.0  Max: inf  Default: inf

Gurobi 9.0.3 (mac64, Python) logging started Mon Oct 19 19:44:59 2020

Using license file /Users/andersvandvik/gurobi.lic
Set parameter LogFile to value test.log
Academic license - for non-commercial use only
Changed value of parameter TimeLimit to 3600.0
   Prev: inf  Min: 0.0  Max: inf  Default: inf
